27/04/2025		21:09:27		GET	/	undefined
27/04/2025		21:10:44		GET	/	undefined	Thunder Client (https://www.thunderclient.com)
27/04/2025		21:10:46		GET	/	undefined	Thunder Client (https://www.thunderclient.com)
27/04/2025		21:10:46		GET	/	undefined	Thunder Client (https://www.thunderclient.com)
27/04/2025		21:10:46		GET	/	undefined	Thunder Client (https://www.thunderclient.com)
27/04/2025		21:12:09		GET	/	undefined	Thunder Client (https://www.thunderclient.com)
27/04/2025		21:12:10		GET	/	undefined	Thunder Client (https://www.thunderclient.com)
30/04/2025		09:46:06		GET	/	undefined	Thunder Client (https://www.thunderclient.com)
30/04/2025		09:46:42		POST	/create	undefined	Thunder Client (https://www.thunderclient.com)
30/04/2025		10:10:56		POST	/create	undefined	Thunder Client (https://www.thunderclient.com)
30/04/2025		10:21:36		GET	/users	undefined	Thunder Client (https://www.thunderclient.com)
02/05/2025		06:27:49		GET	/users	undefined	Thunder Client (https://www.thunderclient.com)
02/05/2025		06:30:00		POST	/create	undefined	Thunder Client (https://www.thunderclient.com)
02/05/2025		06:32:21		POST	/create	undefined	Thunder Client (https://www.thunderclient.com)
02/05/2025		06:32:58		POST	/create	undefined	Thunder Client (https://www.thunderclient.com)
02/05/2025		06:33:58		POST	/create	undefined	Thunder Client (https://www.thunderclient.com)
02/05/2025		06:34:15		POST	/create	undefined	Thunder Client (https://www.thunderclient.com)
02/05/2025		06:34:17		POST	/create	undefined	Thunder Client (https://www.thunderclient.com)
02/05/2025		06:34:26		GET	/users	undefined	Thunder Client (https://www.thunderclient.com)
02/05/2025		07:02:22		GET	/users	undefined	Thunder Client (https://www.thunderclient.com)
02/05/2025		07:12:43		POST	/new-post/1	undefined	Thunder Client (https://www.thunderclient.com)
02/05/2025		07:13:04		POST	/new-post/4	undefined	Thunder Client (https://www.thunderclient.com)
02/05/2025		07:14:35		GET	/users	undefined	Thunder Client (https://www.thunderclient.com)
02/05/2025		07:15:34		GET	/users	undefined	Thunder Client (https://www.thunderclient.com)
02/05/2025		07:50:57		GET	/users	undefined	PostmanRuntime/7.43.4
02/05/2025		07:51:50		GET	/users	undefined	PostmanRuntime/7.43.4
02/05/2025		07:53:48		POST	/create	undefined	PostmanRuntime/7.43.4
02/05/2025		07:53:59		GET	/users	undefined	PostmanRuntime/7.43.4
